
> spa-booking-system@0.0.0 build
> vite build

[36mvite v8.0.1 [32mbuilding client environment for production...[36m[39m
[2K
transforming...Γ£ô 2065 modules transformed.
rendering chunks...
npm : [31mΓ£ù[39m Build failed in 
1.04s
At line:1 char:1
+ npm run build > build_output.txt 
2>&1
+ 
~~~~~~~~~~~~~~~~~~~~~~~~~~~~~~~~~~~~~
    + CategoryInfo          : NotSpec 
   ified: ([31mΓ£ù[39m Build faile  
  d in 1.04s:String) [], RemoteExce   
 ption
    + FullyQualifiedErrorId : NativeC 
   ommandError
 
[31merror during build:
[31mBuild failed with 1 error:

[31m[MISSING_EXPORT] Error:[0m 
"FixedSizeList" is not exported by "no
de_modules/react-window/dist/react-win
dow.js".
   [38;5;246mΓò¡[0m[38;5;246mΓöÇ[0
m[38;5;246m[[0m src/components/Calen
darBoard/CalendarBoard.jsx:2:10 
[38;5;246m][0m
   [38;5;246mΓöé[0m
 [38;5;246m2 Γöé[0m [38;5;249mi[0m
[38;5;249mm[0m[38;5;249mp[0m[38;5
;249mo[0m[38;5;249mr[0m[38;5;249mt
[0m[38;5;249m 
[0m[38;5;249m{[0m[38;5;249m 
[0mFixedSizeList[38;5;249m [0m[38;
5;249ma[0m[38;5;249ms[0m[38;5;249m
 [0m[38;5;249mL[0m[38;5;249mi[0m
[38;5;249ms[0m[38;5;249mt[0m[38;5;
249m [0m[38;5;249m}[0m[38;5;249m 
[0m[38;5;249mf[0m[38;5;249mr[0m[3
8;5;249mo[0m[38;5;249mm[0m[38;5;24
9m [0m[38;5;249m"[0m[38;5;249mr[0
m[38;5;249me[0m[38;5;249ma[0m[38;
5;249mc[0m[38;5;249mt[0m[38;5;249m
-[0m[38;5;249mw[0m[38;5;249mi[0m
[38;5;249mn[0m[38;5;249md[0m[38;5;
249mo[0m[38;5;249mw[0m[38;5;249m"
[0m[38;5;249m;[0m
 [38;5;240m  Γöé[0m          ΓöÇΓöÇΓ
öÇΓöÇΓöÇΓöÇΓö¼ΓöÇΓöÇΓöÇΓöÇΓöÇΓöÇ  
 [38;5;240m  Γöé[0m                
Γò░ΓöÇΓöÇΓöÇΓöÇΓöÇΓöÇΓöÇΓöÇ Missing 
export
[38;5;246mΓöÇΓöÇΓöÇΓò»[0m
[31m
    at 
aggregateBindingErrorsIntoJsError (fil
e:///C:/Users/KLIVOLKS/.gemini/antigra
vity/scratch/spa-booking-system/node_m
odules/rolldown/dist/shared/error-BO4S
lZV_.mjs:48:18)
    at unwrapBindingResult (file:///C:
/Users/KLIVOLKS/.gemini/antigravity/sc
ratch/spa-booking-system/node_modules/
rolldown/dist/shared/error-BO4SlZV_.mj
s:18:128)
    at #build (file:///C:/Users/KLIVOL
KS/.gemini/antigravity/scratch/spa-boo
king-system/node_modules/rolldown/dist
/shared/rolldown-build-yQC7KN8K.mjs:33
11:34)
    at async buildEnvironment (file://
/C:/Users/KLIVOLKS/.gemini/antigravity
/scratch/spa-booking-system/node_modul
es/vite/dist/node/chunks/node.js:32817
:64)
    at async Object.build (file:///C:/
Users/KLIVOLKS/.gemini/antigravity/scr
atch/spa-booking-system/node_modules/v
ite/dist/node/chunks/node.js:33239:19)
    at async Object.buildApp (file:///
C:/Users/KLIVOLKS/.gemini/antigravity/
scratch/spa-booking-system/node_module
s/vite/dist/node/chunks/node.js:33236:
153)
    at async CAC.<anonymous> (file:///
C:/Users/KLIVOLKS/.gemini/antigravity/
scratch/spa-booking-system/node_module
s/vite/dist/node/cli.js:778:3) {
  errors: [Getter/Setter]
}[39m
